2026-09-18T18:38:20.920Z grammar=follow name=Grammar Template Test - FOLLOW Canyon Run takeIntent=quality duration=adaptive
2026-09-18T18:38:20.923Z [ESTABLISHING_START] generating opening destination A
2026-09-18T18:38:20.923Z Generating opening still A
2026-09-18T18:38:33.635Z [DIRECTING] directing journey
2026-09-18T18:38:33.635Z Director planning destinations
2026-09-18T18:38:47.743Z Director planned 4 subsequent destination(s)
2026-09-18T18:38:47.748Z [CONSTRUCTING] generating destination B
2026-09-18T18:38:47.748Z Constructing destination B
2026-09-18T18:39:01.025Z [PLANNING_MOTION] evaluating A→B
2026-09-18T18:39:01.026Z Cinematographer assessing A-B
2026-09-18T18:39:17.505Z [PLANNING_MOTION] evaluated A→B
2026-09-18T18:39:17.505Z [PLANNING_MOTION] planning A→B
2026-09-18T18:39:17.506Z Staging motion plan A-B
2026-09-18T18:39:22.276Z [SHOOTING] creating A→B TAKE 1
2026-09-18T18:39:22.277Z Shooting A-B
2026-09-18T18:39:22.277Z [CONSTRUCTING] generating destination C
2026-09-18T18:39:22.277Z Constructing destination C
2026-09-18T18:39:36.324Z [PLANNING_MOTION] evaluating B→C
2026-09-18T18:39:36.324Z Cinematographer assessing B-C
2026-09-18T18:39:54.433Z [PLANNING_MOTION] evaluated B→C
2026-09-18T18:39:54.433Z [PLANNING_MOTION] planning B→C
2026-09-18T18:39:54.433Z Staging motion plan B-C
2026-09-18T18:39:58.724Z [SHOOTING] creating B→C TAKE 1
2026-09-18T18:39:58.724Z Shooting B-C
2026-09-18T18:39:58.724Z [CONSTRUCTING] generating destination D
2026-09-18T18:39:58.724Z Constructing destination D
2026-09-18T18:40:11.265Z [PLANNING_MOTION] evaluating C→D
2026-09-18T18:40:11.265Z Cinematographer assessing C-D
2026-09-18T18:40:46.352Z [PLANNING_MOTION] evaluated C→D
2026-09-18T18:40:46.352Z [PLANNING_MOTION] planning C→D
2026-09-18T18:40:46.352Z Staging motion plan C-D
2026-09-18T18:40:50.631Z [SHOOTING] creating C→D TAKE 1
2026-09-18T18:40:50.631Z Shooting C-D
2026-09-18T18:40:50.631Z [CONSTRUCTING] generating destination E
2026-09-18T18:40:50.631Z Constructing destination E
2026-09-18T18:41:03.470Z [PLANNING_MOTION] evaluating D→E
2026-09-18T18:41:03.470Z Cinematographer assessing D-E
2026-09-18T18:41:34.237Z [PLANNING_MOTION] evaluated D→E
2026-09-18T18:41:34.237Z [PLANNING_MOTION] planning D→E
2026-09-18T18:41:34.237Z Staging motion plan D-E
2026-09-18T18:41:39.870Z [SHOOTING] creating D→E TAKE 1
2026-09-18T18:41:39.870Z Shooting D-E
2026-09-18T18:43:52.256Z [ASSEMBLING] assembling journey
2026-09-18T18:43:52.256Z Exporting combined movie
2026-09-18T18:43:59.878Z [COMPLETE] complete
status=COMPLETE
projectRoot=/Users/ddegeest/Source/tunnelvision/projects/GrammarTemplateTest-FOLLOWCanyonRun
export=GrammarTemplateTestFOLLOWCanyonR_v1.mp4 complete=true
