2026-09-18T18:43:59.882Z grammar=lead name=Grammar Template Test - LEAD Canyon Run takeIntent=quality duration=adaptive
2026-09-18T18:43:59.888Z [ESTABLISHING_START] generating opening destination A
2026-09-18T18:43:59.888Z Generating opening still A
2026-09-18T18:44:12.781Z [DIRECTING] directing journey
2026-09-18T18:44:12.781Z Director planning destinations
2026-09-18T18:44:26.891Z Director planned 4 subsequent destination(s)
2026-09-18T18:44:26.896Z [CONSTRUCTING] generating destination B
2026-09-18T18:44:26.896Z Constructing destination B
2026-09-18T18:44:41.054Z [PLANNING_MOTION] evaluating A→B
2026-09-18T18:44:41.054Z Cinematographer assessing A-B
2026-09-18T18:45:31.874Z [PLANNING_MOTION] evaluated A→B
2026-09-18T18:45:31.874Z [PLANNING_MOTION] planning A→B
2026-09-18T18:45:31.874Z Staging motion plan A-B
2026-09-18T18:45:36.600Z [SHOOTING] creating A→B TAKE 1
2026-09-18T18:45:36.600Z Shooting A-B
2026-09-18T18:45:36.600Z [CONSTRUCTING] generating destination C
2026-09-18T18:45:36.600Z Constructing destination C
2026-09-18T18:45:51.357Z [PLANNING_MOTION] evaluating B→C
2026-09-18T18:45:51.357Z Cinematographer assessing B-C
2026-09-18T18:47:11.283Z [PLANNING_MOTION] evaluated B→C
2026-09-18T18:47:11.283Z [REPAIRING_CANONICALS] RESHOOT · C B→C needs a stronger spatial connection. Set Consistency 35 · Traversal Confidence 15 Brief reason: Regenerate the END image to show the camera retreating along the open, winding paved road visible in front of the car in the START image, maintaining the steep open canyon environment rather than placing the camera inside an unestablished tunnel.
2026-09-18T18:47:11.283Z Repairing canonical C (end)
2026-09-18T18:47:43.249Z [PLANNING_MOTION] reevaluating B→C
2026-09-18T18:47:43.249Z Cinematographer assessing B-C
2026-09-18T18:48:33.193Z [PLANNING_MOTION] reevaluated B→C
2026-09-18T18:48:33.193Z [REPAIRING_CANONICALS] RESHOOT COMPLETE · C Set Consistency 35 → 95 Traversal Confidence 15 → 85
2026-09-18T18:48:33.193Z [PLANNING_MOTION] planning B→C
2026-09-18T18:48:33.193Z Staging motion plan B-C
2026-09-18T18:48:39.032Z [SHOOTING] creating B→C TAKE 1
2026-09-18T18:48:39.032Z Shooting B-C
2026-09-18T18:48:39.033Z [CONSTRUCTING] generating destination D
2026-09-18T18:48:39.033Z Constructing destination D
2026-09-18T18:48:50.480Z [PLANNING_MOTION] evaluating C→D
2026-09-18T18:48:50.480Z Cinematographer assessing C-D
2026-09-18T18:49:33.323Z [PLANNING_MOTION] evaluated C→D
2026-09-18T18:49:33.323Z [PLANNING_MOTION] planning C→D
2026-09-18T18:49:33.323Z Staging motion plan C-D
2026-09-18T18:49:37.636Z [SHOOTING] creating C→D TAKE 1
2026-09-18T18:49:37.636Z Shooting C-D
2026-09-18T18:49:37.636Z [CONSTRUCTING] generating destination E
2026-09-18T18:49:37.636Z Constructing destination E
2026-09-18T18:49:50.847Z [PLANNING_MOTION] evaluating D→E
2026-09-18T18:49:50.847Z Cinematographer assessing D-E
2026-09-18T18:50:33.442Z [PLANNING_MOTION] evaluated D→E
2026-09-18T18:50:33.442Z [PLANNING_MOTION] planning D→E
2026-09-18T18:50:33.442Z Staging motion plan D-E
2026-09-18T18:50:38.796Z [SHOOTING] creating D→E TAKE 1
2026-09-18T18:50:38.796Z Shooting D-E
2026-09-18T18:52:34.940Z [ASSEMBLING] assembling journey
2026-09-18T18:52:34.940Z Exporting combined movie
2026-09-18T18:52:42.416Z [COMPLETE] complete
status=COMPLETE
projectRoot=/Users/ddegeest/Source/tunnelvision/projects/GrammarTemplateTest-LEADCanyonRun
export=GrammarTemplateTestLEADCanyonRun_v1.mp4 complete=true
