2026-09-18T18:31:08.648Z grammar=pov name=Grammar Template Test - POV Canyon Run takeIntent=quality duration=adaptive
2026-09-18T18:31:08.651Z [ESTABLISHING_START] generating opening destination A
2026-09-18T18:31:08.651Z Generating opening still A
2026-09-18T18:31:21.705Z [DIRECTING] directing journey
2026-09-18T18:31:21.705Z Director planning destinations
2026-09-18T18:31:37.743Z Director planned 4 subsequent destination(s)
2026-09-18T18:31:37.748Z [CONSTRUCTING] generating destination B
2026-09-18T18:31:37.749Z Constructing destination B
2026-09-18T18:31:50.836Z [PLANNING_MOTION] evaluating A→B
2026-09-18T18:31:50.836Z Cinematographer assessing A-B
2026-09-18T18:32:13.721Z [PLANNING_MOTION] evaluated A→B
2026-09-18T18:32:13.722Z [REPAIRING_CANONICALS] RESHOOT · B A→B needs a stronger spatial connection. Set Consistency 45 · Traversal Confidence 10 Brief reason: Regenerate the end image from a low ground-level POV continuing along a straight or gently curving section of the multi-lane highway as it enters the canyon, strictly matching the road type, width, and camera elevation of the start image.
2026-09-18T18:32:13.722Z Repairing canonical B (end)
2026-09-18T18:32:45.086Z [PLANNING_MOTION] reevaluating A→B
2026-09-18T18:32:45.086Z Cinematographer assessing A-B
2026-09-18T18:33:03.781Z [PLANNING_MOTION] reevaluated A→B
2026-09-18T18:33:03.781Z [REPAIRING_CANONICALS] RESHOOT COMPLETE · B Set Consistency 45 → 95 Traversal Confidence 10 → 95
2026-09-18T18:33:03.781Z [PLANNING_MOTION] planning A→B
2026-09-18T18:33:03.781Z Staging motion plan A-B
2026-09-18T18:33:09.997Z [SHOOTING] creating A→B TAKE 1
2026-09-18T18:33:09.997Z Shooting A-B
2026-09-18T18:33:09.998Z [CONSTRUCTING] generating destination C
2026-09-18T18:33:09.998Z Constructing destination C
2026-09-18T18:33:23.338Z [PLANNING_MOTION] evaluating B→C
2026-09-18T18:33:23.338Z Cinematographer assessing B-C
2026-09-18T18:33:48.685Z [PLANNING_MOTION] evaluated B→C
2026-09-18T18:33:48.685Z [PLANNING_MOTION] planning B→C
2026-09-18T18:33:48.685Z Staging motion plan B-C
2026-09-18T18:33:53.076Z [SHOOTING] creating B→C TAKE 1
2026-09-18T18:33:53.076Z Shooting B-C
2026-09-18T18:33:53.076Z [CONSTRUCTING] generating destination D
2026-09-18T18:33:53.076Z Constructing destination D
2026-09-18T18:34:07.085Z [PLANNING_MOTION] evaluating C→D
2026-09-18T18:34:07.085Z Cinematographer assessing C-D
2026-09-18T18:34:36.004Z [PLANNING_MOTION] evaluated C→D
2026-09-18T18:34:36.004Z [PLANNING_MOTION] planning C→D
2026-09-18T18:34:36.004Z Staging motion plan C-D
2026-09-18T18:34:40.379Z [SHOOTING] creating C→D TAKE 1
2026-09-18T18:34:40.379Z Shooting C-D
2026-09-18T18:34:40.379Z [CONSTRUCTING] generating destination E
2026-09-18T18:34:40.379Z Constructing destination E
2026-09-18T18:34:52.973Z [PLANNING_MOTION] evaluating D→E
2026-09-18T18:34:52.973Z Cinematographer assessing D-E
2026-09-18T18:35:48.985Z [PLANNING_MOTION] evaluated D→E
2026-09-18T18:35:48.985Z [PLANNING_MOTION] planning D→E
2026-09-18T18:35:48.985Z Staging motion plan D-E
2026-09-18T18:35:56.360Z [SHOOTING] creating D→E TAKE 1
2026-09-18T18:35:56.360Z Shooting D-E
2026-09-18T18:38:10.792Z [ASSEMBLING] assembling journey
2026-09-18T18:38:10.792Z Exporting combined movie
2026-09-18T18:38:20.915Z [COMPLETE] complete
status=COMPLETE
projectRoot=/Users/ddegeest/Source/tunnelvision/projects/GrammarTemplateTest-POVCanyonRun
export=GrammarTemplateTestPOVCanyonRun_v1.mp4 complete=true
